src/integrations/sgp/sgp.service.ts(19,13): error TS2322: Type '{ userId: string; }' is not assignable to type 'IntegrationSettingsWhereUniqueInput'.
  Type '{ userId: string; }' is not assignable to type '{ id: string | IntegrationSettingsUserId_sgpTypeCompoundUniqueInput; userId_sgpType: string | IntegrationSettingsUserId_sgpTypeCompoundUniqueInput; } & { ...; }'.
    Type '{ userId: string; }' is missing the following properties from type '{ id: string | IntegrationSettingsUserId_sgpTypeCompoundUniqueInput; userId_sgpType: string | IntegrationSettingsUserId_sgpTypeCompoundUniqueInput; }': id, userId_sgpType
src/integrations/sgp/sgp.service.ts(182,13): error TS2322: Type '{ userId: string; }' is not assignable to type 'IntegrationSettingsWhereUniqueInput'.
  Type '{ userId: string; }' is not assignable to type '{ id: string | IntegrationSettingsUserId_sgpTypeCompoundUniqueInput; userId_sgpType: string | IntegrationSettingsUserId_sgpTypeCompoundUniqueInput; } & { ...; }'.
    Type '{ userId: string; }' is missing the following properties from type '{ id: string | IntegrationSettingsUserId_sgpTypeCompoundUniqueInput; userId_sgpType: string | IntegrationSettingsUserId_sgpTypeCompoundUniqueInput; }': id, userId_sgpType
