src/controllers/saasController.ts(33,17): error TS2353: Object literal may only specify known properties, and 'priceYearly' does not exist in type 'PlanSelect<DefaultArgs>'.
src/controllers/saasController.ts(85,34): error TS2353: Object literal may only specify known properties, and 'priceYearly' does not exist in type '(Without<PlanCreateInput, PlanUncheckedCreateInput> & PlanUncheckedCreateInput) | (Without<...> & PlanCreateInput)'.
src/controllers/saasController.ts(108,34): error TS2353: Object literal may only specify known properties, and 'priceYearly' does not exist in type '(Without<PlanUpdateInput, PlanUncheckedUpdateInput> & PlanUncheckedUpdateInput) | (Without<...> & PlanUpdateInput)'.
src/scripts/check_company.ts(8,32): error TS2353: Object literal may only specify known properties, and 'subscription' does not exist in type 'CompanyInclude<DefaultArgs>'.
src/scripts/check_company.ts(20,34): error TS2339: Property 'plan' does not exist on type '{ id: string; name: string; createdAt: Date; updatedAt: Date; subscriptionExpiresAt: Date | null; status: string; planId: string | null; }'.
src/scripts/check_company.ts(21,48): error TS2339: Property 'stripeCustomerId' does not exist on type '{ id: string; name: string; createdAt: Date; updatedAt: Date; subscriptionExpiresAt: Date | null; status: string; planId: string | null; }'.
src/scripts/check_company.ts(25,17): error TS2339: Property 'subscription' does not exist on type '{ id: string; name: string; createdAt: Date; updatedAt: Date; subscriptionExpiresAt: Date | null; status: string; planId: string | null; }'.
src/scripts/check_company.ts(26,47): error TS2339: Property 'subscription' does not exist on type '{ id: string; name: string; createdAt: Date; updatedAt: Date; subscriptionExpiresAt: Date | null; status: string; planId: string | null; }'.
src/scripts/check_company.ts(27,40): error TS2339: Property 'subscription' does not exist on type '{ id: string; name: string; createdAt: Date; updatedAt: Date; subscriptionExpiresAt: Date | null; status: string; planId: string | null; }'.
src/scripts/check_company.ts(28,52): error TS2339: Property 'subscription' does not exist on type '{ id: string; name: string; createdAt: Date; updatedAt: Date; subscriptionExpiresAt: Date | null; status: string; planId: string | null; }'.
src/scripts/fix_hrb.ts(16,21): error TS2353: Object literal may only specify known properties, and 'billingMode' does not exist in type '(Without<CompanyUpdateInput, CompanyUncheckedUpdateInput> & CompanyUncheckedUpdateInput) | (Without<...> & CompanyUpdateInput)'.
src/scripts/fix_hrb.ts(21,80): error TS2339: Property 'billingMode' does not exist on type '{ id: string; name: string; createdAt: Date; updatedAt: Date; subscriptionExpiresAt: Date | null; status: string; planId: string | null; }'.
